[Licensing::Module] Trying to connect to existing licensing client channel...
Built from '6000.5/staging' branch; Version is '6000.5.0f1 (88b47c5e7076) revision 8959100'; Using compiler version '194234433'; Build Type 'Release'
[Licensing::IpcConnector] Successfully connected to: "LicenseClient-kriss" at "2026-07-03T17:53:19.4815902Z"
OS: 'Windows 11  (10.0.26200) Core' Language: 'pl' Physical Memory: 23605 MB
BatchMode: 1, IsHumanControllingUs: 0, StartBugReporterOnCrash: 0, Is64bit: 1
System  architecture: x64
Process architecture: x64
Date: 2026-07-03T17:53:19Z

COMMAND LINE ARGUMENTS:
C:\Program Files\Unity\Hub\Editor\6000.5.0f1\Editor\Unity.exe
-batchmode
-nographics
-quit
-projectPath
C:\Users\kriss\apex-shift
-logFile
C:\Users\kriss\apex-shift\unity-model-import.log
Successfully changed project path to: C:\Users\kriss\apex-shift
C:/Users/kriss/apex-shift
Exiting without the bug reporter. Application will terminate with return code 1